// Jest Snapshot v1, https://goo.gl/fbAQLP

exports[`should match snapshot 1`] = `
<DocumentFragment>
  <form
    class="NewBoxForm"
    data-testid="newBoxForm"
  >
    <label
      class="NewBoxForm-label"
      for="color"
    >
      Color:
      <input
        id="color"
        name="color"
        placeholder="color"
        type="text"
        value=""
      />
    </label>
    <label
      class="NewBoxForm-label"
      for="width"
    >
      Width:
      <input
        id="width"
        name="width"
        placeholder="width"
        type="number"
        value="0"
      />
    </label>
    <label
      class="NewBoxForm-label"
      for="height"
    >
      Height:
      <input
        id="height"
        name="height"
        placeholder="height"
        type="number"
        value="0"
      />
    </label>
    <button>
      Add Box
    </button>
  </form>
</DocumentFragment>
`;
